// Jest Snapshot v1, https://goo.gl/fbAQLP

exports[`Test LoadingSpinner Component should render correctly 1`] = `
<div
  className="loader"
/>
`;
