// Jest Snapshot v1, https://goo.gl/fbAQLP

exports[`Test SubscriptionsEpisodeFeed component should render correctly 1`] = `
<h2>
  Feed is empty
</h2>
`;

exports[`Test SubscriptionsEpisodeFeed component should render correctly 2`] = `
<div>
  Loading...
</div>
`;
