// Jest Snapshot v1, https://goo.gl/fbAQLP

exports[`Test App Component Should Render Correctly 1`] = `ShallowWrapper {}`;
