// Jest Snapshot v1, https://goo.gl/fbAQLP

exports[`Test Podcast Component should render correctly 1`] = `ReactWrapper {}`;
