// Jest Snapshot v1, https://goo.gl/fbAQLP

exports[`Test EpisodePlayer component should render correctly 1`] = `
<Redirect
  to="/"
/>
`;
