// Jest Snapshot v1, https://goo.gl/fbAQLP

exports[`SearchPodcast component test should render properly 1`] = `ShallowWrapper {}`;
